source: invalid/record_negative_04.fh
description: Record contains multiple fields mapped to the identical external @json name alias.
failure_category: duplicate_json_attribute

verifier_result: failure
error_phase: verifier
error_hint: multiple fields in record 'Colliding' map to the same external JSON key 'name'
