source: invalid/procedure_negative_02.fh
description: Block contracts written out of scope sequence (ensures before requires).
failure_category: contract_order_violation

parser_result: failure
error_phase: parser
error_hint: expected contract definition in standard sequence (requires before ensures)
